2026-01-12 00:17:02.342 [HikariPool-3:housekeeper] WARN  com.zaxxer.hikari.pool.HikariPool -
				HikariPool-3 - Thread starvation or clock leap detected (housekeeper delta=35m12s457ms726µs400ns).
2026-01-12 04:19:38.981 [HikariPool-3:housekeeper] WARN  com.zaxxer.hikari.pool.HikariPool -
				HikariPool-3 - Thread starvation or clock leap detected (housekeeper delta=2h31m5s376ms166µs600ns).
2026-01-12 11:40:35.504 [HikariPool-3:housekeeper] WARN  com.zaxxer.hikari.pool.HikariPool -
				HikariPool-3 - Thread starvation or clock leap detected (housekeeper delta=7h21m6s336ms933µs800ns).
2026-01-12 13:03:01.569 [HikariPool-3:housekeeper] WARN  com.zaxxer.hikari.pool.HikariPool -
				HikariPool-3 - Thread starvation or clock leap detected (housekeeper delta=39m55s399ms946µs).
2026-01-12 13:52:28.852 [HikariPool-3:housekeeper] WARN  com.zaxxer.hikari.pool.HikariPool -
				HikariPool-3 - Thread starvation or clock leap detected (housekeeper delta=49m27s281ms935µs300ns).
2026-01-12 14:04:38.055 [HikariPool-3:housekeeper] WARN  com.zaxxer.hikari.pool.HikariPool -
				HikariPool-3 - Thread starvation or clock leap detected (housekeeper delta=2m9s63ms838µs700ns).
2026-01-12 14:05:24.750 [background-preinit] INFO  o.h.validator.internal.util.Version -
				HV000001: Hibernate Validator 8.0.3.Final
2026-01-12 14:05:24.807 [restartedMain] INFO  c.e.demo.SamplePracticeApplication -
				Starting SamplePracticeApplication using Java 21.0.8 with PID 11136 (C:\Users\izoya\Java\Study\SamplePractice\target\classes started by izoya in C:\Users\izoya\Java\Study\SamplePractice)
2026-01-12 14:05:24.808 [restartedMain] INFO  c.e.demo.SamplePracticeApplication -
				No active profile set, falling back to 1 default profile: "default"
2026-01-12 14:05:24.881 [restartedMain] INFO  o.s.b.d.e.DevToolsPropertyDefaultsPostProcessor -
				Devtools property defaults active! Set 'spring.devtools.add-properties' to 'false' to disable
2026-01-12 14:05:24.882 [restartedMain] INFO  o.s.b.d.e.DevToolsPropertyDefaultsPostProcessor -
				For additional web related logging consider setting the 'logging.level.web' property to 'DEBUG'
2026-01-12 14:05:26.499 [restartedMain] INFO  o.s.b.w.e.tomcat.TomcatWebServer -
				Tomcat initialized with port 8080 (http)
2026-01-12 14:05:26.531 [restartedMain] INFO  o.a.coyote.http11.Http11NioProtocol -
				Initializing ProtocolHandler ["http-nio-8080"]
2026-01-12 14:05:26.537 [restartedMain] INFO  o.a.catalina.core.StandardService -
				Starting service [Tomcat]
2026-01-12 14:05:26.539 [restartedMain] INFO  o.a.catalina.core.StandardEngine -
				Starting Servlet engine: [Apache Tomcat/10.1.44]
2026-01-12 14:05:26.656 [restartedMain] INFO  o.a.c.c.C.[Tomcat].[localhost].[/] -
				Initializing Spring embedded WebApplicationContext
2026-01-12 14:05:26.657 [restartedMain] INFO  o.s.b.w.s.c.ServletWebServerApplicationContext -
				Root WebApplicationContext: initialization completed in 1773 ms
2026-01-12 14:05:27.718 [restartedMain] INFO  com.zaxxer.hikari.HikariDataSource -
				HikariPool-1 - Starting...
2026-01-12 14:05:28.000 [restartedMain] INFO  com.zaxxer.hikari.pool.HikariPool -
				HikariPool-1 - Added connection org.postgresql.jdbc.PgConnection@4dc36daa
2026-01-12 14:05:28.006 [restartedMain] INFO  com.zaxxer.hikari.HikariDataSource -
				HikariPool-1 - Start completed.
2026-01-12 14:05:28.029 [restartedMain] INFO  o.s.b.a.h.H2ConsoleAutoConfiguration -
				H2 console available at '/h2-console'. Database available at 'jdbc:postgresql://localhost:5432/SamplePractice'
2026-01-12 14:05:28.225 [restartedMain] WARN  o.s.b.d.a.OptionalLiveReloadServer -
				Unable to start LiveReload server
2026-01-12 14:05:28.362 [restartedMain] INFO  o.a.coyote.http11.Http11NioProtocol -
				Starting ProtocolHandler ["http-nio-8080"]
2026-01-12 14:05:28.375 [restartedMain] WARN  o.s.b.w.s.c.AnnotationConfigServletWebServerApplicationContext -
				Exception encountered during context initialization - cancelling refresh attempt: org.springframework.context.ApplicationContextException: Failed to start bean 'webServerStartStop'
2026-01-12 14:05:28.385 [restartedMain] INFO  com.zaxxer.hikari.HikariDataSource -
				HikariPool-1 - Shutdown initiated...
2026-01-12 14:05:28.484 [restartedMain] INFO  com.zaxxer.hikari.HikariDataSource -
				HikariPool-1 - Shutdown completed.
2026-01-12 14:05:28.515 [restartedMain] INFO  o.s.b.a.l.ConditionEvaluationReportLogger -
				

Error starting ApplicationContext. To display the condition evaluation report re-run your application with 'debug' enabled.
2026-01-12 14:05:28.568 [restartedMain] ERROR o.s.b.d.LoggingFailureAnalysisReporter -
				

***************************
APPLICATION FAILED TO START
***************************

Description:

Web server failed to start. Port 8080 was already in use.

Action:

Identify and stop the process that's listening on port 8080 or configure this application to listen on another port.

2026-01-12 14:22:11.069 [background-preinit] INFO  o.h.validator.internal.util.Version -
				HV000001: Hibernate Validator 8.0.3.Final
2026-01-12 14:22:11.170 [restartedMain] INFO  c.e.demo.SamplePracticeApplication -
				Starting SamplePracticeApplication using Java 21.0.8 with PID 73468 (C:\Users\izoya\Java\Study\SamplePractice\target\classes started by izoya in C:\Users\izoya\Java\Study\SamplePractice)
2026-01-12 14:22:11.172 [restartedMain] INFO  c.e.demo.SamplePracticeApplication -
				No active profile set, falling back to 1 default profile: "default"
2026-01-12 14:22:11.277 [restartedMain] INFO  o.s.b.d.e.DevToolsPropertyDefaultsPostProcessor -
				Devtools property defaults active! Set 'spring.devtools.add-properties' to 'false' to disable
2026-01-12 14:22:11.277 [restartedMain] INFO  o.s.b.d.e.DevToolsPropertyDefaultsPostProcessor -
				For additional web related logging consider setting the 'logging.level.web' property to 'DEBUG'
2026-01-12 14:22:12.779 [restartedMain] INFO  o.s.b.w.e.tomcat.TomcatWebServer -
				Tomcat initialized with port 8080 (http)
2026-01-12 14:22:12.794 [restartedMain] INFO  o.a.coyote.http11.Http11NioProtocol -
				Initializing ProtocolHandler ["http-nio-8080"]
2026-01-12 14:22:12.796 [restartedMain] INFO  o.a.catalina.core.StandardService -
				Starting service [Tomcat]
2026-01-12 14:22:12.796 [restartedMain] INFO  o.a.catalina.core.StandardEngine -
				Starting Servlet engine: [Apache Tomcat/10.1.44]
2026-01-12 14:22:12.854 [restartedMain] INFO  o.a.c.c.C.[Tomcat].[localhost].[/] -
				Initializing Spring embedded WebApplicationContext
2026-01-12 14:22:12.854 [restartedMain] INFO  o.s.b.w.s.c.ServletWebServerApplicationContext -
				Root WebApplicationContext: initialization completed in 1576 ms
2026-01-12 14:22:13.603 [restartedMain] INFO  com.zaxxer.hikari.HikariDataSource -
				HikariPool-1 - Starting...
2026-01-12 14:22:13.805 [restartedMain] INFO  com.zaxxer.hikari.pool.HikariPool -
				HikariPool-1 - Added connection org.postgresql.jdbc.PgConnection@3f2fff1a
2026-01-12 14:22:13.807 [restartedMain] INFO  com.zaxxer.hikari.HikariDataSource -
				HikariPool-1 - Start completed.
2026-01-12 14:22:13.818 [restartedMain] INFO  o.s.b.a.h.H2ConsoleAutoConfiguration -
				H2 console available at '/h2-console'. Database available at 'jdbc:postgresql://localhost:5432/SamplePractice'
2026-01-12 14:22:13.884 [restartedMain] WARN  o.s.b.d.a.OptionalLiveReloadServer -
				Unable to start LiveReload server
2026-01-12 14:22:13.905 [restartedMain] INFO  o.a.coyote.http11.Http11NioProtocol -
				Starting ProtocolHandler ["http-nio-8080"]
2026-01-12 14:22:13.915 [restartedMain] WARN  o.s.b.w.s.c.AnnotationConfigServletWebServerApplicationContext -
				Exception encountered during context initialization - cancelling refresh attempt: org.springframework.context.ApplicationContextException: Failed to start bean 'webServerStartStop'
2026-01-12 14:22:13.920 [restartedMain] INFO  com.zaxxer.hikari.HikariDataSource -
				HikariPool-1 - Shutdown initiated...
2026-01-12 14:22:14.145 [restartedMain] INFO  com.zaxxer.hikari.HikariDataSource -
				HikariPool-1 - Shutdown completed.
2026-01-12 14:22:14.174 [restartedMain] INFO  o.s.b.a.l.ConditionEvaluationReportLogger -
				

Error starting ApplicationContext. To display the condition evaluation report re-run your application with 'debug' enabled.
2026-01-12 14:22:14.216 [restartedMain] ERROR o.s.b.d.LoggingFailureAnalysisReporter -
				

***************************
APPLICATION FAILED TO START
***************************

Description:

Web server failed to start. Port 8080 was already in use.

Action:

Identify and stop the process that's listening on port 8080 or configure this application to listen on another port.

2026-01-12 14:24:42.693 [background-preinit] INFO  o.h.validator.internal.util.Version -
				HV000001: Hibernate Validator 8.0.3.Final
2026-01-12 14:24:42.775 [restartedMain] INFO  c.e.demo.SamplePracticeApplication -
				Starting SamplePracticeApplication using Java 21.0.8 with PID 94984 (C:\Users\izoya\Java\Study\SamplePractice\target\classes started by izoya in C:\Users\izoya\Java\Study\SamplePractice)
2026-01-12 14:24:42.776 [restartedMain] INFO  c.e.demo.SamplePracticeApplication -
				No active profile set, falling back to 1 default profile: "default"
2026-01-12 14:24:42.887 [restartedMain] INFO  o.s.b.d.e.DevToolsPropertyDefaultsPostProcessor -
				Devtools property defaults active! Set 'spring.devtools.add-properties' to 'false' to disable
2026-01-12 14:24:42.888 [restartedMain] INFO  o.s.b.d.e.DevToolsPropertyDefaultsPostProcessor -
				For additional web related logging consider setting the 'logging.level.web' property to 'DEBUG'
2026-01-12 14:24:44.229 [restartedMain] INFO  o.s.b.w.e.tomcat.TomcatWebServer -
				Tomcat initialized with port 8080 (http)
2026-01-12 14:24:44.254 [restartedMain] INFO  o.a.coyote.http11.Http11NioProtocol -
				Initializing ProtocolHandler ["http-nio-8080"]
2026-01-12 14:24:44.257 [restartedMain] INFO  o.a.catalina.core.StandardService -
				Starting service [Tomcat]
2026-01-12 14:24:44.257 [restartedMain] INFO  o.a.catalina.core.StandardEngine -
				Starting Servlet engine: [Apache Tomcat/10.1.44]
2026-01-12 14:24:44.320 [restartedMain] INFO  o.a.c.c.C.[Tomcat].[localhost].[/] -
				Initializing Spring embedded WebApplicationContext
2026-01-12 14:24:44.321 [restartedMain] INFO  o.s.b.w.s.c.ServletWebServerApplicationContext -
				Root WebApplicationContext: initialization completed in 1431 ms
2026-01-12 14:24:45.096 [restartedMain] INFO  com.zaxxer.hikari.HikariDataSource -
				HikariPool-1 - Starting...
2026-01-12 14:24:45.290 [restartedMain] INFO  com.zaxxer.hikari.pool.HikariPool -
				HikariPool-1 - Added connection org.postgresql.jdbc.PgConnection@46740dca
2026-01-12 14:24:45.294 [restartedMain] INFO  com.zaxxer.hikari.HikariDataSource -
				HikariPool-1 - Start completed.
2026-01-12 14:24:45.309 [restartedMain] INFO  o.s.b.a.h.H2ConsoleAutoConfiguration -
				H2 console available at '/h2-console'. Database available at 'jdbc:postgresql://localhost:5432/SamplePractice'
2026-01-12 14:24:45.390 [restartedMain] WARN  o.s.b.d.a.OptionalLiveReloadServer -
				Unable to start LiveReload server
2026-01-12 14:24:45.419 [restartedMain] INFO  o.a.coyote.http11.Http11NioProtocol -
				Starting ProtocolHandler ["http-nio-8080"]
2026-01-12 14:24:45.429 [restartedMain] WARN  o.s.b.w.s.c.AnnotationConfigServletWebServerApplicationContext -
				Exception encountered during context initialization - cancelling refresh attempt: org.springframework.context.ApplicationContextException: Failed to start bean 'webServerStartStop'
2026-01-12 14:24:45.440 [restartedMain] INFO  com.zaxxer.hikari.HikariDataSource -
				HikariPool-1 - Shutdown initiated...
2026-01-12 14:24:45.527 [restartedMain] INFO  com.zaxxer.hikari.HikariDataSource -
				HikariPool-1 - Shutdown completed.
2026-01-12 14:24:45.546 [restartedMain] INFO  o.s.b.a.l.ConditionEvaluationReportLogger -
				

Error starting ApplicationContext. To display the condition evaluation report re-run your application with 'debug' enabled.
2026-01-12 14:24:45.572 [restartedMain] ERROR o.s.b.d.LoggingFailureAnalysisReporter -
				

***************************
APPLICATION FAILED TO START
***************************

Description:

Web server failed to start. Port 8080 was already in use.

Action:

Identify and stop the process that's listening on port 8080 or configure this application to listen on another port.

2026-01-12 14:25:54.192 [background-preinit] INFO  o.h.validator.internal.util.Version -
				HV000001: Hibernate Validator 8.0.3.Final
2026-01-12 14:25:54.288 [restartedMain] INFO  c.e.demo.SamplePracticeApplication -
				Starting SamplePracticeApplication using Java 21.0.8 with PID 88512 (C:\Users\izoya\Java\Study\SamplePractice\target\classes started by izoya in C:\Users\izoya\Java\Study\SamplePractice)
2026-01-12 14:25:54.290 [restartedMain] INFO  c.e.demo.SamplePracticeApplication -
				No active profile set, falling back to 1 default profile: "default"
2026-01-12 14:25:54.402 [restartedMain] INFO  o.s.b.d.e.DevToolsPropertyDefaultsPostProcessor -
				Devtools property defaults active! Set 'spring.devtools.add-properties' to 'false' to disable
2026-01-12 14:25:54.402 [restartedMain] INFO  o.s.b.d.e.DevToolsPropertyDefaultsPostProcessor -
				For additional web related logging consider setting the 'logging.level.web' property to 'DEBUG'
2026-01-12 14:25:56.052 [restartedMain] INFO  o.s.b.w.e.tomcat.TomcatWebServer -
				Tomcat initialized with port 8080 (http)
2026-01-12 14:25:56.069 [restartedMain] INFO  o.a.coyote.http11.Http11NioProtocol -
				Initializing ProtocolHandler ["http-nio-8080"]
2026-01-12 14:25:56.070 [restartedMain] INFO  o.a.catalina.core.StandardService -
				Starting service [Tomcat]
2026-01-12 14:25:56.070 [restartedMain] INFO  o.a.catalina.core.StandardEngine -
				Starting Servlet engine: [Apache Tomcat/10.1.44]
2026-01-12 14:25:56.119 [restartedMain] INFO  o.a.c.c.C.[Tomcat].[localhost].[/] -
				Initializing Spring embedded WebApplicationContext
2026-01-12 14:25:56.119 [restartedMain] INFO  o.s.b.w.s.c.ServletWebServerApplicationContext -
				Root WebApplicationContext: initialization completed in 1716 ms
2026-01-12 14:25:56.771 [restartedMain] INFO  com.zaxxer.hikari.HikariDataSource -
				HikariPool-1 - Starting...
2026-01-12 14:25:57.004 [restartedMain] INFO  com.zaxxer.hikari.pool.HikariPool -
				HikariPool-1 - Added connection org.postgresql.jdbc.PgConnection@606ef278
2026-01-12 14:25:57.008 [restartedMain] INFO  com.zaxxer.hikari.HikariDataSource -
				HikariPool-1 - Start completed.
2026-01-12 14:25:57.020 [restartedMain] INFO  o.s.b.a.h.H2ConsoleAutoConfiguration -
				H2 console available at '/h2-console'. Database available at 'jdbc:postgresql://localhost:5432/SamplePractice'
2026-01-12 14:25:57.089 [restartedMain] WARN  o.s.b.d.a.OptionalLiveReloadServer -
				Unable to start LiveReload server
2026-01-12 14:25:57.109 [restartedMain] INFO  o.a.coyote.http11.Http11NioProtocol -
				Starting ProtocolHandler ["http-nio-8080"]
2026-01-12 14:25:57.116 [restartedMain] WARN  o.s.b.w.s.c.AnnotationConfigServletWebServerApplicationContext -
				Exception encountered during context initialization - cancelling refresh attempt: org.springframework.context.ApplicationContextException: Failed to start bean 'webServerStartStop'
2026-01-12 14:25:57.120 [restartedMain] INFO  com.zaxxer.hikari.HikariDataSource -
				HikariPool-1 - Shutdown initiated...
2026-01-12 14:25:57.220 [restartedMain] INFO  com.zaxxer.hikari.HikariDataSource -
				HikariPool-1 - Shutdown completed.
2026-01-12 14:25:57.413 [restartedMain] INFO  o.s.b.a.l.ConditionEvaluationReportLogger -
				

Error starting ApplicationContext. To display the condition evaluation report re-run your application with 'debug' enabled.
2026-01-12 14:25:57.564 [restartedMain] ERROR o.s.b.d.LoggingFailureAnalysisReporter -
				

***************************
APPLICATION FAILED TO START
***************************

Description:

Web server failed to start. Port 8080 was already in use.

Action:

Identify and stop the process that's listening on port 8080 or configure this application to listen on another port.

2026-01-12 14:27:20.370 [background-preinit] INFO  o.h.validator.internal.util.Version -
				HV000001: Hibernate Validator 8.0.3.Final
2026-01-12 14:27:20.440 [restartedMain] INFO  c.e.demo.SamplePracticeApplication -
				Starting SamplePracticeApplication using Java 21.0.8 with PID 76176 (C:\Users\izoya\Java\Study\SamplePractice\target\classes started by izoya in C:\Users\izoya\Java\Study\SamplePractice)
2026-01-12 14:27:20.441 [restartedMain] INFO  c.e.demo.SamplePracticeApplication -
				No active profile set, falling back to 1 default profile: "default"
2026-01-12 14:27:20.520 [restartedMain] INFO  o.s.b.d.e.DevToolsPropertyDefaultsPostProcessor -
				Devtools property defaults active! Set 'spring.devtools.add-properties' to 'false' to disable
2026-01-12 14:27:20.521 [restartedMain] INFO  o.s.b.d.e.DevToolsPropertyDefaultsPostProcessor -
				For additional web related logging consider setting the 'logging.level.web' property to 'DEBUG'
2026-01-12 14:27:21.984 [restartedMain] INFO  o.s.b.w.e.tomcat.TomcatWebServer -
				Tomcat initialized with port 8080 (http)
2026-01-12 14:27:21.996 [restartedMain] INFO  o.a.coyote.http11.Http11NioProtocol -
				Initializing ProtocolHandler ["http-nio-8080"]
2026-01-12 14:27:21.997 [restartedMain] INFO  o.a.catalina.core.StandardService -
				Starting service [Tomcat]
2026-01-12 14:27:21.997 [restartedMain] INFO  o.a.catalina.core.StandardEngine -
				Starting Servlet engine: [Apache Tomcat/10.1.44]
2026-01-12 14:27:22.076 [restartedMain] INFO  o.a.c.c.C.[Tomcat].[localhost].[/] -
				Initializing Spring embedded WebApplicationContext
2026-01-12 14:27:22.076 [restartedMain] INFO  o.s.b.w.s.c.ServletWebServerApplicationContext -
				Root WebApplicationContext: initialization completed in 1554 ms
2026-01-12 14:27:22.777 [restartedMain] INFO  com.zaxxer.hikari.HikariDataSource -
				HikariPool-1 - Starting...
2026-01-12 14:27:23.113 [restartedMain] INFO  com.zaxxer.hikari.pool.HikariPool -
				HikariPool-1 - Added connection org.postgresql.jdbc.PgConnection@69e601e2
2026-01-12 14:27:23.116 [restartedMain] INFO  com.zaxxer.hikari.HikariDataSource -
				HikariPool-1 - Start completed.
2026-01-12 14:27:23.132 [restartedMain] INFO  o.s.b.a.h.H2ConsoleAutoConfiguration -
				H2 console available at '/h2-console'. Database available at 'jdbc:postgresql://localhost:5432/SamplePractice'
2026-01-12 14:27:23.206 [restartedMain] WARN  o.s.b.d.a.OptionalLiveReloadServer -
				Unable to start LiveReload server
2026-01-12 14:27:23.246 [restartedMain] INFO  o.a.coyote.http11.Http11NioProtocol -
				Starting ProtocolHandler ["http-nio-8080"]
2026-01-12 14:27:23.276 [restartedMain] WARN  o.s.b.w.s.c.AnnotationConfigServletWebServerApplicationContext -
				Exception encountered during context initialization - cancelling refresh attempt: org.springframework.context.ApplicationContextException: Failed to start bean 'webServerStartStop'
2026-01-12 14:27:23.286 [restartedMain] INFO  com.zaxxer.hikari.HikariDataSource -
				HikariPool-1 - Shutdown initiated...
2026-01-12 14:27:23.364 [restartedMain] INFO  com.zaxxer.hikari.HikariDataSource -
				HikariPool-1 - Shutdown completed.
2026-01-12 14:27:23.390 [restartedMain] INFO  o.s.b.a.l.ConditionEvaluationReportLogger -
				

Error starting ApplicationContext. To display the condition evaluation report re-run your application with 'debug' enabled.
2026-01-12 14:27:23.427 [restartedMain] ERROR o.s.b.d.LoggingFailureAnalysisReporter -
				

***************************
APPLICATION FAILED TO START
***************************

Description:

Web server failed to start. Port 8080 was already in use.

Action:

Identify and stop the process that's listening on port 8080 or configure this application to listen on another port.

2026-01-12 14:30:26.337 [background-preinit] INFO  o.h.validator.internal.util.Version -
				HV000001: Hibernate Validator 8.0.3.Final
2026-01-12 14:30:26.412 [restartedMain] INFO  c.e.demo.SamplePracticeApplication -
				Starting SamplePracticeApplication using Java 21.0.8 with PID 92652 (C:\Users\izoya\Java\Study\SamplePractice\target\classes started by izoya in C:\Users\izoya\Java\Study\SamplePractice)
2026-01-12 14:30:26.412 [restartedMain] INFO  c.e.demo.SamplePracticeApplication -
				No active profile set, falling back to 1 default profile: "default"
2026-01-12 14:30:26.496 [restartedMain] INFO  o.s.b.d.e.DevToolsPropertyDefaultsPostProcessor -
				Devtools property defaults active! Set 'spring.devtools.add-properties' to 'false' to disable
2026-01-12 14:30:26.496 [restartedMain] INFO  o.s.b.d.e.DevToolsPropertyDefaultsPostProcessor -
				For additional web related logging consider setting the 'logging.level.web' property to 'DEBUG'
2026-01-12 14:30:27.992 [restartedMain] INFO  o.s.b.w.e.tomcat.TomcatWebServer -
				Tomcat initialized with port 8080 (http)
2026-01-12 14:30:28.007 [restartedMain] INFO  o.a.coyote.http11.Http11NioProtocol -
				Initializing ProtocolHandler ["http-nio-8080"]
2026-01-12 14:30:28.011 [restartedMain] INFO  o.a.catalina.core.StandardService -
				Starting service [Tomcat]
2026-01-12 14:30:28.011 [restartedMain] INFO  o.a.catalina.core.StandardEngine -
				Starting Servlet engine: [Apache Tomcat/10.1.44]
2026-01-12 14:30:28.059 [restartedMain] INFO  o.a.c.c.C.[Tomcat].[localhost].[/] -
				Initializing Spring embedded WebApplicationContext
2026-01-12 14:30:28.059 [restartedMain] INFO  o.s.b.w.s.c.ServletWebServerApplicationContext -
				Root WebApplicationContext: initialization completed in 1561 ms
2026-01-12 14:30:28.894 [restartedMain] INFO  com.zaxxer.hikari.HikariDataSource -
				HikariPool-1 - Starting...
2026-01-12 14:30:29.164 [restartedMain] INFO  com.zaxxer.hikari.pool.HikariPool -
				HikariPool-1 - Added connection org.postgresql.jdbc.PgConnection@157c03eb
2026-01-12 14:30:29.168 [restartedMain] INFO  com.zaxxer.hikari.HikariDataSource -
				HikariPool-1 - Start completed.
2026-01-12 14:30:29.180 [restartedMain] INFO  o.s.b.a.h.H2ConsoleAutoConfiguration -
				H2 console available at '/h2-console'. Database available at 'jdbc:postgresql://localhost:5432/SamplePractice'
2026-01-12 14:30:29.269 [restartedMain] WARN  o.s.b.d.a.OptionalLiveReloadServer -
				Unable to start LiveReload server
2026-01-12 14:30:29.309 [restartedMain] INFO  o.a.coyote.http11.Http11NioProtocol -
				Starting ProtocolHandler ["http-nio-8080"]
2026-01-12 14:30:29.326 [restartedMain] WARN  o.s.b.w.s.c.AnnotationConfigServletWebServerApplicationContext -
				Exception encountered during context initialization - cancelling refresh attempt: org.springframework.context.ApplicationContextException: Failed to start bean 'webServerStartStop'
2026-01-12 14:30:29.333 [restartedMain] INFO  com.zaxxer.hikari.HikariDataSource -
				HikariPool-1 - Shutdown initiated...
2026-01-12 14:30:29.393 [restartedMain] INFO  com.zaxxer.hikari.HikariDataSource -
				HikariPool-1 - Shutdown completed.
2026-01-12 14:30:29.412 [restartedMain] INFO  o.s.b.a.l.ConditionEvaluationReportLogger -
				

Error starting ApplicationContext. To display the condition evaluation report re-run your application with 'debug' enabled.
2026-01-12 14:30:29.441 [restartedMain] ERROR o.s.b.d.LoggingFailureAnalysisReporter -
				

***************************
APPLICATION FAILED TO START
***************************

Description:

Web server failed to start. Port 8080 was already in use.

Action:

Identify and stop the process that's listening on port 8080 or configure this application to listen on another port.

2026-01-12 15:02:45.311 [background-preinit] INFO  o.h.validator.internal.util.Version -
				HV000001: Hibernate Validator 8.0.3.Final
2026-01-12 15:02:45.378 [restartedMain] INFO  c.e.demo.SamplePracticeApplication -
				Starting SamplePracticeApplication using Java 21.0.8 with PID 92836 (C:\Users\izoya\Java\Study\SamplePractice\target\classes started by izoya in C:\Users\izoya\Java\Study\SamplePractice)
2026-01-12 15:02:45.380 [restartedMain] INFO  c.e.demo.SamplePracticeApplication -
				No active profile set, falling back to 1 default profile: "default"
2026-01-12 15:02:45.443 [restartedMain] INFO  o.s.b.d.e.DevToolsPropertyDefaultsPostProcessor -
				Devtools property defaults active! Set 'spring.devtools.add-properties' to 'false' to disable
2026-01-12 15:02:45.444 [restartedMain] INFO  o.s.b.d.e.DevToolsPropertyDefaultsPostProcessor -
				For additional web related logging consider setting the 'logging.level.web' property to 'DEBUG'
2026-01-12 15:02:47.115 [restartedMain] INFO  o.s.b.w.e.tomcat.TomcatWebServer -
				Tomcat initialized with port 8080 (http)
2026-01-12 15:02:47.137 [restartedMain] INFO  o.a.coyote.http11.Http11NioProtocol -
				Initializing ProtocolHandler ["http-nio-8080"]
2026-01-12 15:02:47.139 [restartedMain] INFO  o.a.catalina.core.StandardService -
				Starting service [Tomcat]
2026-01-12 15:02:47.139 [restartedMain] INFO  o.a.catalina.core.StandardEngine -
				Starting Servlet engine: [Apache Tomcat/10.1.44]
2026-01-12 15:02:47.210 [restartedMain] INFO  o.a.c.c.C.[Tomcat].[localhost].[/] -
				Initializing Spring embedded WebApplicationContext
2026-01-12 15:02:47.212 [restartedMain] INFO  o.s.b.w.s.c.ServletWebServerApplicationContext -
				Root WebApplicationContext: initialization completed in 1765 ms
2026-01-12 15:02:47.975 [restartedMain] INFO  com.zaxxer.hikari.HikariDataSource -
				HikariPool-1 - Starting...
2026-01-12 15:02:48.262 [restartedMain] INFO  com.zaxxer.hikari.pool.HikariPool -
				HikariPool-1 - Added connection org.postgresql.jdbc.PgConnection@518e170a
2026-01-12 15:02:48.266 [restartedMain] INFO  com.zaxxer.hikari.HikariDataSource -
				HikariPool-1 - Start completed.
2026-01-12 15:02:48.281 [restartedMain] INFO  o.s.b.a.h.H2ConsoleAutoConfiguration -
				H2 console available at '/h2-console'. Database available at 'jdbc:postgresql://localhost:5432/SamplePractice'
2026-01-12 15:02:48.364 [restartedMain] WARN  o.s.b.d.a.OptionalLiveReloadServer -
				Unable to start LiveReload server
2026-01-12 15:02:48.432 [restartedMain] INFO  o.a.coyote.http11.Http11NioProtocol -
				Starting ProtocolHandler ["http-nio-8080"]
2026-01-12 15:02:48.439 [restartedMain] WARN  o.s.b.w.s.c.AnnotationConfigServletWebServerApplicationContext -
				Exception encountered during context initialization - cancelling refresh attempt: org.springframework.context.ApplicationContextException: Failed to start bean 'webServerStartStop'
2026-01-12 15:02:48.448 [restartedMain] INFO  com.zaxxer.hikari.HikariDataSource -
				HikariPool-1 - Shutdown initiated...
2026-01-12 15:02:48.497 [restartedMain] INFO  com.zaxxer.hikari.HikariDataSource -
				HikariPool-1 - Shutdown completed.
2026-01-12 15:02:48.515 [restartedMain] INFO  o.s.b.a.l.ConditionEvaluationReportLogger -
				

Error starting ApplicationContext. To display the condition evaluation report re-run your application with 'debug' enabled.
2026-01-12 15:02:48.540 [restartedMain] ERROR o.s.b.d.LoggingFailureAnalysisReporter -
				

***************************
APPLICATION FAILED TO START
***************************

Description:

Web server failed to start. Port 8080 was already in use.

Action:

Identify and stop the process that's listening on port 8080 or configure this application to listen on another port.

2026-01-12 15:03:11.269 [background-preinit] INFO  o.h.validator.internal.util.Version -
				HV000001: Hibernate Validator 8.0.3.Final
2026-01-12 15:03:11.325 [restartedMain] INFO  c.e.demo.SamplePracticeApplication -
				Starting SamplePracticeApplication using Java 21.0.8 with PID 94072 (C:\Users\izoya\Java\Study\SamplePractice\target\classes started by izoya in C:\Users\izoya\Java\Study\SamplePractice)
2026-01-12 15:03:11.326 [restartedMain] INFO  c.e.demo.SamplePracticeApplication -
				No active profile set, falling back to 1 default profile: "default"
2026-01-12 15:03:11.380 [restartedMain] INFO  o.s.b.d.e.DevToolsPropertyDefaultsPostProcessor -
				Devtools property defaults active! Set 'spring.devtools.add-properties' to 'false' to disable
2026-01-12 15:03:11.381 [restartedMain] INFO  o.s.b.d.e.DevToolsPropertyDefaultsPostProcessor -
				For additional web related logging consider setting the 'logging.level.web' property to 'DEBUG'
2026-01-12 15:03:12.813 [restartedMain] INFO  o.s.b.w.e.tomcat.TomcatWebServer -
				Tomcat initialized with port 8080 (http)
2026-01-12 15:03:12.825 [restartedMain] INFO  o.a.coyote.http11.Http11NioProtocol -
				Initializing ProtocolHandler ["http-nio-8080"]
2026-01-12 15:03:12.828 [restartedMain] INFO  o.a.catalina.core.StandardService -
				Starting service [Tomcat]
2026-01-12 15:03:12.828 [restartedMain] INFO  o.a.catalina.core.StandardEngine -
				Starting Servlet engine: [Apache Tomcat/10.1.44]
2026-01-12 15:03:12.900 [restartedMain] INFO  o.a.c.c.C.[Tomcat].[localhost].[/] -
				Initializing Spring embedded WebApplicationContext
2026-01-12 15:03:12.901 [restartedMain] INFO  o.s.b.w.s.c.ServletWebServerApplicationContext -
				Root WebApplicationContext: initialization completed in 1520 ms
2026-01-12 15:03:13.838 [restartedMain] INFO  com.zaxxer.hikari.HikariDataSource -
				HikariPool-1 - Starting...
2026-01-12 15:03:14.023 [restartedMain] INFO  com.zaxxer.hikari.pool.HikariPool -
				HikariPool-1 - Added connection org.postgresql.jdbc.PgConnection@a0208ec
2026-01-12 15:03:14.026 [restartedMain] INFO  com.zaxxer.hikari.HikariDataSource -
				HikariPool-1 - Start completed.
2026-01-12 15:03:14.041 [restartedMain] INFO  o.s.b.a.h.H2ConsoleAutoConfiguration -
				H2 console available at '/h2-console'. Database available at 'jdbc:postgresql://localhost:5432/SamplePractice'
2026-01-12 15:03:14.121 [restartedMain] WARN  o.s.b.d.a.OptionalLiveReloadServer -
				Unable to start LiveReload server
2026-01-12 15:03:14.151 [restartedMain] INFO  o.a.coyote.http11.Http11NioProtocol -
				Starting ProtocolHandler ["http-nio-8080"]
2026-01-12 15:03:14.161 [restartedMain] WARN  o.s.b.w.s.c.AnnotationConfigServletWebServerApplicationContext -
				Exception encountered during context initialization - cancelling refresh attempt: org.springframework.context.ApplicationContextException: Failed to start bean 'webServerStartStop'
2026-01-12 15:03:14.165 [restartedMain] INFO  com.zaxxer.hikari.HikariDataSource -
				HikariPool-1 - Shutdown initiated...
2026-01-12 15:03:14.247 [restartedMain] INFO  com.zaxxer.hikari.HikariDataSource -
				HikariPool-1 - Shutdown completed.
2026-01-12 15:03:14.281 [restartedMain] INFO  o.s.b.a.l.ConditionEvaluationReportLogger -
				

Error starting ApplicationContext. To display the condition evaluation report re-run your application with 'debug' enabled.
2026-01-12 15:03:14.332 [restartedMain] ERROR o.s.b.d.LoggingFailureAnalysisReporter -
				

***************************
APPLICATION FAILED TO START
***************************

Description:

Web server failed to start. Port 8080 was already in use.

Action:

Identify and stop the process that's listening on port 8080 or configure this application to listen on another port.

2026-01-12 15:03:41.097 [background-preinit] INFO  o.h.validator.internal.util.Version -
				HV000001: Hibernate Validator 8.0.3.Final
2026-01-12 15:03:41.192 [restartedMain] INFO  c.e.demo.SamplePracticeApplication -
				Starting SamplePracticeApplication using Java 21.0.8 with PID 96320 (C:\Users\izoya\Java\Study\SamplePractice\target\classes started by izoya in C:\Users\izoya\Java\Study\SamplePractice)
2026-01-12 15:03:41.194 [restartedMain] INFO  c.e.demo.SamplePracticeApplication -
				No active profile set, falling back to 1 default profile: "default"
2026-01-12 15:03:41.289 [restartedMain] INFO  o.s.b.d.e.DevToolsPropertyDefaultsPostProcessor -
				Devtools property defaults active! Set 'spring.devtools.add-properties' to 'false' to disable
2026-01-12 15:03:41.290 [restartedMain] INFO  o.s.b.d.e.DevToolsPropertyDefaultsPostProcessor -
				For additional web related logging consider setting the 'logging.level.web' property to 'DEBUG'
2026-01-12 15:03:42.788 [restartedMain] INFO  o.s.b.w.e.tomcat.TomcatWebServer -
				Tomcat initialized with port 8080 (http)
2026-01-12 15:03:42.806 [restartedMain] INFO  o.a.coyote.http11.Http11NioProtocol -
				Initializing ProtocolHandler ["http-nio-8080"]
2026-01-12 15:03:42.808 [restartedMain] INFO  o.a.catalina.core.StandardService -
				Starting service [Tomcat]
2026-01-12 15:03:42.809 [restartedMain] INFO  o.a.catalina.core.StandardEngine -
				Starting Servlet engine: [Apache Tomcat/10.1.44]
2026-01-12 15:03:42.859 [restartedMain] INFO  o.a.c.c.C.[Tomcat].[localhost].[/] -
				Initializing Spring embedded WebApplicationContext
2026-01-12 15:03:42.860 [restartedMain] INFO  o.s.b.w.s.c.ServletWebServerApplicationContext -
				Root WebApplicationContext: initialization completed in 1569 ms
2026-01-12 15:03:43.598 [restartedMain] INFO  com.zaxxer.hikari.HikariDataSource -
				HikariPool-1 - Starting...
2026-01-12 15:03:43.801 [restartedMain] INFO  com.zaxxer.hikari.pool.HikariPool -
				HikariPool-1 - Added connection org.postgresql.jdbc.PgConnection@18c3d7b7
2026-01-12 15:03:43.803 [restartedMain] INFO  com.zaxxer.hikari.HikariDataSource -
				HikariPool-1 - Start completed.
2026-01-12 15:03:43.815 [restartedMain] INFO  o.s.b.a.h.H2ConsoleAutoConfiguration -
				H2 console available at '/h2-console'. Database available at 'jdbc:postgresql://localhost:5432/SamplePractice'
2026-01-12 15:03:43.889 [restartedMain] WARN  o.s.b.d.a.OptionalLiveReloadServer -
				Unable to start LiveReload server
2026-01-12 15:03:43.915 [restartedMain] INFO  o.a.coyote.http11.Http11NioProtocol -
				Starting ProtocolHandler ["http-nio-8080"]
2026-01-12 15:03:43.925 [restartedMain] WARN  o.s.b.w.s.c.AnnotationConfigServletWebServerApplicationContext -
				Exception encountered during context initialization - cancelling refresh attempt: org.springframework.context.ApplicationContextException: Failed to start bean 'webServerStartStop'
2026-01-12 15:03:43.932 [restartedMain] INFO  com.zaxxer.hikari.HikariDataSource -
				HikariPool-1 - Shutdown initiated...
2026-01-12 15:03:44.011 [restartedMain] INFO  com.zaxxer.hikari.HikariDataSource -
				HikariPool-1 - Shutdown completed.
2026-01-12 15:03:44.029 [restartedMain] INFO  o.s.b.a.l.ConditionEvaluationReportLogger -
				

Error starting ApplicationContext. To display the condition evaluation report re-run your application with 'debug' enabled.
2026-01-12 15:03:44.065 [restartedMain] ERROR o.s.b.d.LoggingFailureAnalysisReporter -
				

***************************
APPLICATION FAILED TO START
***************************

Description:

Web server failed to start. Port 8080 was already in use.

Action:

Identify and stop the process that's listening on port 8080 or configure this application to listen on another port.

2026-01-12 15:04:17.465 [background-preinit] INFO  o.h.validator.internal.util.Version -
				HV000001: Hibernate Validator 8.0.3.Final
2026-01-12 15:04:17.539 [restartedMain] INFO  c.e.demo.SamplePracticeApplication -
				Starting SamplePracticeApplication using Java 21.0.8 with PID 84340 (C:\Users\izoya\Java\Study\SamplePractice\target\classes started by izoya in C:\Users\izoya\Java\Study\SamplePractice)
2026-01-12 15:04:17.541 [restartedMain] INFO  c.e.demo.SamplePracticeApplication -
				No active profile set, falling back to 1 default profile: "default"
2026-01-12 15:04:17.638 [restartedMain] INFO  o.s.b.d.e.DevToolsPropertyDefaultsPostProcessor -
				Devtools property defaults active! Set 'spring.devtools.add-properties' to 'false' to disable
2026-01-12 15:04:17.639 [restartedMain] INFO  o.s.b.d.e.DevToolsPropertyDefaultsPostProcessor -
				For additional web related logging consider setting the 'logging.level.web' property to 'DEBUG'
2026-01-12 15:04:19.266 [restartedMain] INFO  o.s.b.w.e.tomcat.TomcatWebServer -
				Tomcat initialized with port 8080 (http)
2026-01-12 15:04:19.290 [restartedMain] INFO  o.a.coyote.http11.Http11NioProtocol -
				Initializing ProtocolHandler ["http-nio-8080"]
2026-01-12 15:04:19.292 [restartedMain] INFO  o.a.catalina.core.StandardService -
				Starting service [Tomcat]
2026-01-12 15:04:19.292 [restartedMain] INFO  o.a.catalina.core.StandardEngine -
				Starting Servlet engine: [Apache Tomcat/10.1.44]
2026-01-12 15:04:19.337 [restartedMain] INFO  o.a.c.c.C.[Tomcat].[localhost].[/] -
				Initializing Spring embedded WebApplicationContext
2026-01-12 15:04:19.337 [restartedMain] INFO  o.s.b.w.s.c.ServletWebServerApplicationContext -
				Root WebApplicationContext: initialization completed in 1698 ms
2026-01-12 15:04:19.955 [restartedMain] INFO  com.zaxxer.hikari.HikariDataSource -
				HikariPool-1 - Starting...
2026-01-12 15:04:20.140 [restartedMain] INFO  com.zaxxer.hikari.pool.HikariPool -
				HikariPool-1 - Added connection org.postgresql.jdbc.PgConnection@583ce46e
2026-01-12 15:04:20.143 [restartedMain] INFO  com.zaxxer.hikari.HikariDataSource -
				HikariPool-1 - Start completed.
2026-01-12 15:04:20.158 [restartedMain] INFO  o.s.b.a.h.H2ConsoleAutoConfiguration -
				H2 console available at '/h2-console'. Database available at 'jdbc:postgresql://localhost:5432/SamplePractice'
2026-01-12 15:04:20.221 [restartedMain] WARN  o.s.b.d.a.OptionalLiveReloadServer -
				Unable to start LiveReload server
2026-01-12 15:04:20.239 [restartedMain] INFO  o.a.coyote.http11.Http11NioProtocol -
				Starting ProtocolHandler ["http-nio-8080"]
2026-01-12 15:04:20.244 [restartedMain] WARN  o.s.b.w.s.c.AnnotationConfigServletWebServerApplicationContext -
				Exception encountered during context initialization - cancelling refresh attempt: org.springframework.context.ApplicationContextException: Failed to start bean 'webServerStartStop'
2026-01-12 15:04:20.252 [restartedMain] INFO  com.zaxxer.hikari.HikariDataSource -
				HikariPool-1 - Shutdown initiated...
2026-01-12 15:04:20.346 [restartedMain] INFO  com.zaxxer.hikari.HikariDataSource -
				HikariPool-1 - Shutdown completed.
2026-01-12 15:04:20.387 [restartedMain] INFO  o.s.b.a.l.ConditionEvaluationReportLogger -
				

Error starting ApplicationContext. To display the condition evaluation report re-run your application with 'debug' enabled.
2026-01-12 15:04:20.445 [restartedMain] ERROR o.s.b.d.LoggingFailureAnalysisReporter -
				

***************************
APPLICATION FAILED TO START
***************************

Description:

Web server failed to start. Port 8080 was already in use.

Action:

Identify and stop the process that's listening on port 8080 or configure this application to listen on another port.

2026-01-12 15:06:01.189 [background-preinit] INFO  o.h.validator.internal.util.Version -
				HV000001: Hibernate Validator 8.0.3.Final
2026-01-12 15:06:01.450 [restartedMain] INFO  c.e.demo.SamplePracticeApplication -
				Starting SamplePracticeApplication using Java 21.0.8 with PID 86116 (C:\Users\izoya\Java\Study\SamplePractice\target\classes started by izoya in C:\Users\izoya\Java\Study\SamplePractice)
2026-01-12 15:06:01.457 [restartedMain] INFO  c.e.demo.SamplePracticeApplication -
				No active profile set, falling back to 1 default profile: "default"
2026-01-12 15:06:01.577 [restartedMain] INFO  o.s.b.d.e.DevToolsPropertyDefaultsPostProcessor -
				Devtools property defaults active! Set 'spring.devtools.add-properties' to 'false' to disable
2026-01-12 15:06:01.578 [restartedMain] INFO  o.s.b.d.e.DevToolsPropertyDefaultsPostProcessor -
				For additional web related logging consider setting the 'logging.level.web' property to 'DEBUG'
2026-01-12 15:06:03.486 [restartedMain] INFO  o.s.b.w.e.tomcat.TomcatWebServer -
				Tomcat initialized with port 8080 (http)
2026-01-12 15:06:03.509 [restartedMain] INFO  o.a.coyote.http11.Http11NioProtocol -
				Initializing ProtocolHandler ["http-nio-8080"]
2026-01-12 15:06:03.513 [restartedMain] INFO  o.a.catalina.core.StandardService -
				Starting service [Tomcat]
2026-01-12 15:06:03.513 [restartedMain] INFO  o.a.catalina.core.StandardEngine -
				Starting Servlet engine: [Apache Tomcat/10.1.44]
2026-01-12 15:06:03.577 [restartedMain] INFO  o.a.c.c.C.[Tomcat].[localhost].[/] -
				Initializing Spring embedded WebApplicationContext
2026-01-12 15:06:03.578 [restartedMain] INFO  o.s.b.w.s.c.ServletWebServerApplicationContext -
				Root WebApplicationContext: initialization completed in 1998 ms
2026-01-12 15:06:04.698 [restartedMain] INFO  com.zaxxer.hikari.HikariDataSource -
				HikariPool-1 - Starting...
2026-01-12 15:06:05.057 [restartedMain] INFO  com.zaxxer.hikari.pool.HikariPool -
				HikariPool-1 - Added connection org.postgresql.jdbc.PgConnection@25dbebb3
2026-01-12 15:06:05.062 [restartedMain] INFO  com.zaxxer.hikari.HikariDataSource -
				HikariPool-1 - Start completed.
2026-01-12 15:06:05.078 [restartedMain] INFO  o.s.b.a.h.H2ConsoleAutoConfiguration -
				H2 console available at '/h2-console'. Database available at 'jdbc:postgresql://localhost:5432/SamplePractice'
2026-01-12 15:06:05.243 [restartedMain] INFO  o.s.b.d.a.OptionalLiveReloadServer -
				LiveReload server is running on port 35729
2026-01-12 15:06:05.265 [restartedMain] INFO  o.a.coyote.http11.Http11NioProtocol -
				Starting ProtocolHandler ["http-nio-8080"]
2026-01-12 15:06:05.322 [restartedMain] INFO  o.s.b.w.e.tomcat.TomcatWebServer -
				Tomcat started on port 8080 (http) with context path '/'
2026-01-12 15:06:05.366 [restartedMain] INFO  c.e.demo.SamplePracticeApplication -
				Started SamplePracticeApplication in 5.476 seconds (process running for 6.645)
2026-01-12 15:07:01.419 [background-preinit] INFO  o.h.validator.internal.util.Version -
				HV000001: Hibernate Validator 8.0.3.Final
2026-01-12 15:07:01.509 [restartedMain] INFO  c.e.demo.SamplePracticeApplication -
				Starting SamplePracticeApplication using Java 21.0.8 with PID 86320 (C:\Users\izoya\Java\Study\SamplePractice\target\classes started by izoya in C:\Users\izoya\Java\Study\SamplePractice)
2026-01-12 15:07:01.511 [restartedMain] INFO  c.e.demo.SamplePracticeApplication -
				No active profile set, falling back to 1 default profile: "default"
2026-01-12 15:07:01.595 [restartedMain] INFO  o.s.b.d.e.DevToolsPropertyDefaultsPostProcessor -
				Devtools property defaults active! Set 'spring.devtools.add-properties' to 'false' to disable
2026-01-12 15:07:01.595 [restartedMain] INFO  o.s.b.d.e.DevToolsPropertyDefaultsPostProcessor -
				For additional web related logging consider setting the 'logging.level.web' property to 'DEBUG'
2026-01-12 15:07:03.571 [restartedMain] INFO  o.s.b.w.e.tomcat.TomcatWebServer -
				Tomcat initialized with port 8080 (http)
2026-01-12 15:07:03.605 [restartedMain] INFO  o.a.coyote.http11.Http11NioProtocol -
				Initializing ProtocolHandler ["http-nio-8080"]
2026-01-12 15:07:03.610 [restartedMain] INFO  o.a.catalina.core.StandardService -
				Starting service [Tomcat]
2026-01-12 15:07:03.610 [restartedMain] INFO  o.a.catalina.core.StandardEngine -
				Starting Servlet engine: [Apache Tomcat/10.1.44]
2026-01-12 15:07:03.670 [restartedMain] INFO  o.a.c.c.C.[Tomcat].[localhost].[/] -
				Initializing Spring embedded WebApplicationContext
2026-01-12 15:07:03.670 [restartedMain] INFO  o.s.b.w.s.c.ServletWebServerApplicationContext -
				Root WebApplicationContext: initialization completed in 2075 ms
2026-01-12 15:07:04.880 [restartedMain] INFO  com.zaxxer.hikari.HikariDataSource -
				HikariPool-1 - Starting...
2026-01-12 15:07:05.216 [restartedMain] INFO  com.zaxxer.hikari.pool.HikariPool -
				HikariPool-1 - Added connection org.postgresql.jdbc.PgConnection@384dd07e
2026-01-12 15:07:05.217 [restartedMain] INFO  com.zaxxer.hikari.HikariDataSource -
				HikariPool-1 - Start completed.
2026-01-12 15:07:05.232 [restartedMain] INFO  o.s.b.a.h.H2ConsoleAutoConfiguration -
				H2 console available at '/h2-console'. Database available at 'jdbc:postgresql://localhost:5432/SamplePractice'
2026-01-12 15:07:05.384 [restartedMain] INFO  o.s.b.d.a.OptionalLiveReloadServer -
				LiveReload server is running on port 35729
2026-01-12 15:07:05.418 [restartedMain] INFO  o.a.coyote.http11.Http11NioProtocol -
				Starting ProtocolHandler ["http-nio-8080"]
2026-01-12 15:07:05.497 [restartedMain] INFO  o.s.b.w.e.tomcat.TomcatWebServer -
				Tomcat started on port 8080 (http) with context path '/'
2026-01-12 15:07:05.517 [restartedMain] INFO  c.e.demo.SamplePracticeApplication -
				Started SamplePracticeApplication in 5.251 seconds (process running for 6.182)
2026-01-12 15:07:12.512 [http-nio-8080-exec-2] INFO  o.a.c.c.C.[Tomcat].[localhost].[/] -
				Initializing Spring DispatcherServlet 'dispatcherServlet'
2026-01-12 15:07:12.512 [http-nio-8080-exec-2] INFO  o.s.web.servlet.DispatcherServlet -
				Initializing Servlet 'dispatcherServlet'
2026-01-12 15:07:12.517 [http-nio-8080-exec-2] INFO  o.s.web.servlet.DispatcherServlet -
				Completed initialization in 0 ms
2026-01-12 15:10:09.572 [background-preinit] INFO  o.h.validator.internal.util.Version -
				HV000001: Hibernate Validator 8.0.3.Final
2026-01-12 15:10:09.693 [restartedMain] INFO  c.e.demo.SamplePracticeApplication -
				Starting SamplePracticeApplication using Java 21.0.8 with PID 77528 (C:\Users\izoya\Java\Study\SamplePractice\target\classes started by izoya in C:\Users\izoya\Java\Study\SamplePractice)
2026-01-12 15:10:09.695 [restartedMain] INFO  c.e.demo.SamplePracticeApplication -
				No active profile set, falling back to 1 default profile: "default"
2026-01-12 15:10:09.818 [restartedMain] INFO  o.s.b.d.e.DevToolsPropertyDefaultsPostProcessor -
				Devtools property defaults active! Set 'spring.devtools.add-properties' to 'false' to disable
2026-01-12 15:10:09.818 [restartedMain] INFO  o.s.b.d.e.DevToolsPropertyDefaultsPostProcessor -
				For additional web related logging consider setting the 'logging.level.web' property to 'DEBUG'
2026-01-12 15:10:11.904 [restartedMain] INFO  o.s.b.w.e.tomcat.TomcatWebServer -
				Tomcat initialized with port 8080 (http)
2026-01-12 15:10:11.926 [restartedMain] INFO  o.a.coyote.http11.Http11NioProtocol -
				Initializing ProtocolHandler ["http-nio-8080"]
2026-01-12 15:10:11.930 [restartedMain] INFO  o.a.catalina.core.StandardService -
				Starting service [Tomcat]
2026-01-12 15:10:11.930 [restartedMain] INFO  o.a.catalina.core.StandardEngine -
				Starting Servlet engine: [Apache Tomcat/10.1.44]
2026-01-12 15:10:12.019 [restartedMain] INFO  o.a.c.c.C.[Tomcat].[localhost].[/] -
				Initializing Spring embedded WebApplicationContext
2026-01-12 15:10:12.019 [restartedMain] INFO  o.s.b.w.s.c.ServletWebServerApplicationContext -
				Root WebApplicationContext: initialization completed in 2199 ms
2026-01-12 15:10:13.182 [restartedMain] INFO  com.zaxxer.hikari.HikariDataSource -
				HikariPool-1 - Starting...
2026-01-12 15:10:13.527 [restartedMain] INFO  com.zaxxer.hikari.pool.HikariPool -
				HikariPool-1 - Added connection org.postgresql.jdbc.PgConnection@693cca60
2026-01-12 15:10:13.530 [restartedMain] INFO  com.zaxxer.hikari.HikariDataSource -
				HikariPool-1 - Start completed.
2026-01-12 15:10:13.554 [restartedMain] INFO  o.s.b.a.h.H2ConsoleAutoConfiguration -
				H2 console available at '/h2-console'. Database available at 'jdbc:postgresql://localhost:5432/SamplePractice'
2026-01-12 15:10:13.712 [restartedMain] INFO  o.s.b.d.a.OptionalLiveReloadServer -
				LiveReload server is running on port 35729
2026-01-12 15:10:13.749 [restartedMain] INFO  o.a.coyote.http11.Http11NioProtocol -
				Starting ProtocolHandler ["http-nio-8080"]
2026-01-12 15:10:13.799 [restartedMain] INFO  o.s.b.w.e.tomcat.TomcatWebServer -
				Tomcat started on port 8080 (http) with context path '/'
2026-01-12 15:10:13.830 [restartedMain] INFO  c.e.demo.SamplePracticeApplication -
				Started SamplePracticeApplication in 5.479 seconds (process running for 6.365)
2026-01-12 15:10:26.675 [http-nio-8080-exec-1] INFO  o.a.c.c.C.[Tomcat].[localhost].[/] -
				Initializing Spring DispatcherServlet 'dispatcherServlet'
2026-01-12 15:10:26.675 [http-nio-8080-exec-1] INFO  o.s.web.servlet.DispatcherServlet -
				Initializing Servlet 'dispatcherServlet'
2026-01-12 15:10:26.683 [http-nio-8080-exec-1] INFO  o.s.web.servlet.DispatcherServlet -
				Completed initialization in 8 ms
