2026-01-11 01:07:57.943 [HikariPool-3:housekeeper] WARN  com.zaxxer.hikari.pool.HikariPool -
				HikariPool-3 - Thread starvation or clock leap detected (housekeeper delta=1h56m18s630ms27µs699ns).
2026-01-11 01:35:49.513 [HikariPool-3:housekeeper] WARN  com.zaxxer.hikari.pool.HikariPool -
				HikariPool-3 - Thread starvation or clock leap detected (housekeeper delta=7m51s227ms882µs599ns).
2026-01-11 04:26:14.352 [HikariPool-3:housekeeper] WARN  com.zaxxer.hikari.pool.HikariPool -
				HikariPool-3 - Thread starvation or clock leap detected (housekeeper delta=2h29m56s557ms650µs600ns).
2026-01-11 12:55:32.271 [HikariPool-3:housekeeper] WARN  com.zaxxer.hikari.pool.HikariPool -
				HikariPool-3 - Thread starvation or clock leap detected (housekeeper delta=8h12m47s666ms27µs100ns).
2026-01-11 15:02:38.528 [HikariPool-3:housekeeper] WARN  com.zaxxer.hikari.pool.HikariPool -
				HikariPool-3 - Thread starvation or clock leap detected (housekeeper delta=2h36s176ms590µs300ns).
2026-01-11 15:56:55.045 [HikariPool-3:housekeeper] WARN  com.zaxxer.hikari.pool.HikariPool -
				HikariPool-3 - Thread starvation or clock leap detected (housekeeper delta=54m16s511ms144µs200ns).
2026-01-11 17:12:33.939 [HikariPool-3:housekeeper] WARN  com.zaxxer.hikari.pool.HikariPool -
				HikariPool-3 - Thread starvation or clock leap detected (housekeeper delta=7m37s797ms437µs).
2026-01-11 18:07:23.014 [HikariPool-3:housekeeper] WARN  com.zaxxer.hikari.pool.HikariPool -
				HikariPool-3 - Thread starvation or clock leap detected (housekeeper delta=1m47s968ms565µs).
2026-01-11 18:12:31.594 [HikariPool-3:housekeeper] WARN  com.zaxxer.hikari.pool.HikariPool -
				HikariPool-3 - Thread starvation or clock leap detected (housekeeper delta=4m38s562ms194µs100ns).
2026-01-11 18:22:29.800 [HikariPool-3:housekeeper] WARN  com.zaxxer.hikari.pool.HikariPool -
				HikariPool-3 - Thread starvation or clock leap detected (housekeeper delta=6m28s157ms858µs200ns).
2026-01-11 22:39:49.247 [HikariPool-3:housekeeper] WARN  com.zaxxer.hikari.pool.HikariPool -
				HikariPool-3 - Thread starvation or clock leap detected (housekeeper delta=1h53m47s2ms76µs100ns).
2026-01-11 22:43:07.565 [HikariPool-3:housekeeper] WARN  com.zaxxer.hikari.pool.HikariPool -
				HikariPool-3 - Thread starvation or clock leap detected (housekeeper delta=3m18s318ms940µs400ns).
2026-01-11 23:10:12.831 [HikariPool-3:housekeeper] WARN  com.zaxxer.hikari.pool.HikariPool -
				HikariPool-3 - Thread starvation or clock leap detected (housekeeper delta=7m34s849ms5µs300ns).
2026-01-11 23:21:49.601 [HikariPool-3:housekeeper] WARN  com.zaxxer.hikari.pool.HikariPool -
				HikariPool-3 - Thread starvation or clock leap detected (housekeeper delta=11m36s769ms295µs800ns).
